Archive member included to satisfy reference by file (symbol)

c:/program files (x86)/atmel/studio/7.0/toolchain/avr8/avr8-gnu-toolchain/bin/../lib/gcc/avr/4.9.2/avr5\libgcc.a(_exit.o)
                              C:/Program Files (x86)/Atmel/Studio/7.0/Packs/atmel/ATmega_DFP/1.0.90/gcc/dev/atmega32/avr5/crtatmega32.o (exit)
c:/program files (x86)/atmel/studio/7.0/toolchain/avr8/avr8-gnu-toolchain/bin/../lib/gcc/avr/4.9.2/avr5\libgcc.a(_copy_data.o)
                              gsm/sim300.o (__do_copy_data)
c:/program files (x86)/atmel/studio/7.0/toolchain/avr8/avr8-gnu-toolchain/bin/../lib/gcc/avr/4.9.2/avr5\libgcc.a(_clear_bss.o)
                              gsm/sim300.o (__do_clear_bss)
c:/program files (x86)/atmel/studio/7.0/toolchain/avr8/avr8-gnu-toolchain/bin/../lib/gcc/avr/4.9.2/../../../../avr/lib/avr5\libc.a(atoi.o)
                              gsm/sim300.o (atoi)
c:/program files (x86)/atmel/studio/7.0/toolchain/avr8/avr8-gnu-toolchain/bin/../lib/gcc/avr/4.9.2/../../../../avr/lib/avr5\libc.a(isalnum.o)
                              tux/websrv_help_functions.o (isalnum)
c:/program files (x86)/atmel/studio/7.0/toolchain/avr8/avr8-gnu-toolchain/bin/../lib/gcc/avr/4.9.2/../../../../avr/lib/avr5\libc.a(cty_isfalse.o)
                              c:/program files (x86)/atmel/studio/7.0/toolchain/avr8/avr8-gnu-toolchain/bin/../lib/gcc/avr/4.9.2/../../../../avr/lib/avr5\libc.a(isalnum.o) (__ctype_isfalse)
c:/program files (x86)/atmel/studio/7.0/toolchain/avr8/avr8-gnu-toolchain/bin/../lib/gcc/avr/4.9.2/../../../../avr/lib/avr5\libc.a(isalpha.o)
                              c:/program files (x86)/atmel/studio/7.0/toolchain/avr8/avr8-gnu-toolchain/bin/../lib/gcc/avr/4.9.2/../../../../avr/lib/avr5\libc.a(isalnum.o) (isalpha)
c:/program files (x86)/atmel/studio/7.0/toolchain/avr8/avr8-gnu-toolchain/bin/../lib/gcc/avr/4.9.2/../../../../avr/lib/avr5\libc.a(isblank.o)
                              tux/ip_arp_udp_tcp.o (isblank)
c:/program files (x86)/atmel/studio/7.0/toolchain/avr8/avr8-gnu-toolchain/bin/../lib/gcc/avr/4.9.2/../../../../avr/lib/avr5\libc.a(memcmp.o)
                              tux/ip_arp_udp_tcp.o (memcmp)
c:/program files (x86)/atmel/studio/7.0/toolchain/avr8/avr8-gnu-toolchain/bin/../lib/gcc/avr/4.9.2/../../../../avr/lib/avr5\libc.a(strchr.o)
                              gsm/sim300.o (strchr)
c:/program files (x86)/atmel/studio/7.0/toolchain/avr8/avr8-gnu-toolchain/bin/../lib/gcc/avr/4.9.2/../../../../avr/lib/avr5\libc.a(strcpy.o)
                              gsm/sim300.o (strcpy)
c:/program files (x86)/atmel/studio/7.0/toolchain/avr8/avr8-gnu-toolchain/bin/../lib/gcc/avr/4.9.2/../../../../avr/lib/avr5\libc.a(strncasecmp.o)
                              gsm/sim300.o (strncasecmp)
c:/program files (x86)/atmel/studio/7.0/toolchain/avr8/avr8-gnu-toolchain/bin/../lib/gcc/avr/4.9.2/../../../../avr/lib/avr5\libc.a(strncmp.o)
                              main.o (strncmp)
c:/program files (x86)/atmel/studio/7.0/toolchain/avr8/avr8-gnu-toolchain/bin/../lib/gcc/avr/4.9.2/../../../../avr/lib/avr5\libc.a(itoa.o)
                              tux/websrv_help_functions.o (__itoa)
c:/program files (x86)/atmel/studio/7.0/toolchain/avr8/avr8-gnu-toolchain/bin/../lib/gcc/avr/4.9.2/../../../../avr/lib/avr5\libc.a(itoa_ncheck.o)
                              main.o (__itoa_ncheck)
c:/program files (x86)/atmel/studio/7.0/toolchain/avr8/avr8-gnu-toolchain/bin/../lib/gcc/avr/4.9.2/../../../../avr/lib/avr5\libc.a(mul10.o)
                              c:/program files (x86)/atmel/studio/7.0/toolchain/avr8/avr8-gnu-toolchain/bin/../lib/gcc/avr/4.9.2/../../../../avr/lib/avr5\libc.a(atoi.o) (__mulhi_const_10)
c:/program files (x86)/atmel/studio/7.0/toolchain/avr8/avr8-gnu-toolchain/bin/../lib/gcc/avr/4.9.2/../../../../avr/lib/avr5\libc.a(utoa_ncheck.o)
                              c:/program files (x86)/atmel/studio/7.0/toolchain/avr8/avr8-gnu-toolchain/bin/../lib/gcc/avr/4.9.2/../../../../avr/lib/avr5\libc.a(itoa_ncheck.o) (__utoa_common)
c:/program files (x86)/atmel/studio/7.0/toolchain/avr8/avr8-gnu-toolchain/bin/../lib/gcc/avr/4.9.2/../../../../avr/lib/avr5\libc.a(sprintf.o)
                              gsm/sim300.o (sprintf)
c:/program files (x86)/atmel/studio/7.0/toolchain/avr8/avr8-gnu-toolchain/bin/../lib/gcc/avr/4.9.2/../../../../avr/lib/avr5\libc.a(vfprintf_std.o)
                              c:/program files (x86)/atmel/studio/7.0/toolchain/avr8/avr8-gnu-toolchain/bin/../lib/gcc/avr/4.9.2/../../../../avr/lib/avr5\libc.a(sprintf.o) (vfprintf)
c:/program files (x86)/atmel/studio/7.0/toolchain/avr8/avr8-gnu-toolchain/bin/../lib/gcc/avr/4.9.2/../../../../avr/lib/avr5\libc.a(strnlen_P.o)
                              c:/program files (x86)/atmel/studio/7.0/toolchain/avr8/avr8-gnu-toolchain/bin/../lib/gcc/avr/4.9.2/../../../../avr/lib/avr5\libc.a(vfprintf_std.o) (strnlen_P)
c:/program files (x86)/atmel/studio/7.0/toolchain/avr8/avr8-gnu-toolchain/bin/../lib/gcc/avr/4.9.2/../../../../avr/lib/avr5\libc.a(strnlen.o)
                              c:/program files (x86)/atmel/studio/7.0/toolchain/avr8/avr8-gnu-toolchain/bin/../lib/gcc/avr/4.9.2/../../../../avr/lib/avr5\libc.a(vfprintf_std.o) (strnlen)
c:/program files (x86)/atmel/studio/7.0/toolchain/avr8/avr8-gnu-toolchain/bin/../lib/gcc/avr/4.9.2/../../../../avr/lib/avr5\libc.a(strrev.o)
                              c:/program files (x86)/atmel/studio/7.0/toolchain/avr8/avr8-gnu-toolchain/bin/../lib/gcc/avr/4.9.2/../../../../avr/lib/avr5\libc.a(utoa_ncheck.o) (strrev)
c:/program files (x86)/atmel/studio/7.0/toolchain/avr8/avr8-gnu-toolchain/bin/../lib/gcc/avr/4.9.2/../../../../avr/lib/avr5\libc.a(fputc.o)
                              c:/program files (x86)/atmel/studio/7.0/toolchain/avr8/avr8-gnu-toolchain/bin/../lib/gcc/avr/4.9.2/../../../../avr/lib/avr5\libc.a(vfprintf_std.o) (fputc)
c:/program files (x86)/atmel/studio/7.0/toolchain/avr8/avr8-gnu-toolchain/bin/../lib/gcc/avr/4.9.2/../../../../avr/lib/avr5\libc.a(ultoa_invert.o)
                              c:/program files (x86)/atmel/studio/7.0/toolchain/avr8/avr8-gnu-toolchain/bin/../lib/gcc/avr/4.9.2/../../../../avr/lib/avr5\libc.a(vfprintf_std.o) (__ultoa_invert)
c:/program files (x86)/atmel/studio/7.0/toolchain/avr8/avr8-gnu-toolchain/bin/../lib/gcc/avr/4.9.2/avr5\libgcc.a(_prologue.o)
                              c:/program files (x86)/atmel/studio/7.0/toolchain/avr8/avr8-gnu-toolchain/bin/../lib/gcc/avr/4.9.2/../../../../avr/lib/avr5\libc.a(sprintf.o) (__prologue_saves__)
c:/program files (x86)/atmel/studio/7.0/toolchain/avr8/avr8-gnu-toolchain/bin/../lib/gcc/avr/4.9.2/avr5\libgcc.a(_epilogue.o)
                              c:/program files (x86)/atmel/studio/7.0/toolchain/avr8/avr8-gnu-toolchain/bin/../lib/gcc/avr/4.9.2/../../../../avr/lib/avr5\libc.a(sprintf.o) (__epilogue_restores__)

Allocating common symbols
Common symbol       size              file

UQFront             0x1               gsm/sim300.o
UQEnd               0x1               gsm/sim300.o
URBuff              0x40              gsm/sim300.o
client_arp_result_callback
                    0x2               tux/ip_arp_udp_tcp.o
sim300_buffer       0x80              gsm/sim300.o

Discarded input sections

 .data          0x00000000        0x0 C:/Program Files (x86)/Atmel/Studio/7.0/Packs/atmel/ATmega_DFP/1.0.90/gcc/dev/atmega32/avr5/crtatmega32.o
 .bss           0x00000000        0x0 C:/Program Files (x86)/Atmel/Studio/7.0/Packs/atmel/ATmega_DFP/1.0.90/gcc/dev/atmega32/avr5/crtatmega32.o
 .text          0x00000000        0x0 gsm/sim300.o
 .data          0x00000000        0x0 gsm/sim300.o
 .bss           0x00000000        0x0 gsm/sim300.o
 .text.SIM300Cmd
                0x00000000       0x8c gsm/sim300.o
 .text.SIM300CheckResponse
                0x00000000       0xa4 gsm/sim300.o
 .rodata.str1.1
                0x00000000       0x4a gsm/sim300.o
 .text.SIM300Init
                0x00000000       0x54 gsm/sim300.o
 .text.SIM300WaitForResponse
                0x00000000       0x6a gsm/sim300.o
 .text.SIM300GetNetStat
                0x00000000       0x5c gsm/sim300.o
 .text.SIM300IsSIMInserted
                0x00000000       0x4e gsm/sim300.o
 .text.SIM300GetProviderName
                0x00000000       0x66 gsm/sim300.o
 .text.SIM300GetIMEI
                0x00000000       0x3e gsm/sim300.o
 .text.SIM300GetManufacturer
                0x00000000       0x3e gsm/sim300.o
 .text.SIM300GetModel
                0x00000000       0x3e gsm/sim300.o
 .text.SIM300SendMsg
                0x00000000      0x11e gsm/sim300.o
 .text          0x00000000        0x0 main.o
 .data          0x00000000        0x0 main.o
 .bss           0x00000000        0x0 main.o
 .text          0x00000000        0x0 tux/dnslkup.o
 .data          0x00000000        0x0 tux/dnslkup.o
 .bss           0x00000000        0x0 tux/dnslkup.o
 .text.string_is_ipv4
                0x00000000       0x52 tux/dnslkup.o
 .text          0x00000000        0x0 tux/enc28j60.o
 .data          0x00000000        0x0 tux/enc28j60.o
 .bss           0x00000000        0x0 tux/enc28j60.o
 .text.enc28j60getrev
                0x00000000        0xe tux/enc28j60.o
 .text.enc28j60hasRxPkt
                0x00000000       0x12 tux/enc28j60.o
 .text          0x00000000        0x0 tux/ip_arp_udp_tcp.o
 .data          0x00000000        0x0 tux/ip_arp_udp_tcp.o
 .bss           0x00000000        0x0 tux/ip_arp_udp_tcp.o
 .text.client_ifconfig
                0x00000000       0x38 tux/ip_arp_udp_tcp.o
 .text.route_via_gw
                0x00000000       0x46 tux/ip_arp_udp_tcp.o
 .text.send_udp
                0x00000000       0x78 tux/ip_arp_udp_tcp.o
 .text.client_http_post
                0x00000000       0xa0 tux/ip_arp_udp_tcp.o
 .data.ipnetmask
                0x00000000        0x4 tux/ip_arp_udp_tcp.o
 .text          0x00000000        0x0 tux/websrv_help_functions.o
 .data          0x00000000        0x0 tux/websrv_help_functions.o
 .bss           0x00000000        0x0 tux/websrv_help_functions.o
 .text.find_key_val
                0x00000000       0xfc tux/websrv_help_functions.o
 .text.h2int    0x00000000       0x28 tux/websrv_help_functions.o
 .text.urldecode
                0x00000000       0x76 tux/websrv_help_functions.o
 .text.int2h    0x00000000       0x30 tux/websrv_help_functions.o
 .text.urlencode
                0x00000000       0x5c tux/websrv_help_functions.o
 .text.parse_ip
                0x00000000       0xe6 tux/websrv_help_functions.o
 .text          0x00000000        0x0 usart/USART.o
 .data          0x00000000        0x0 usart/USART.o
 .bss           0x00000000        0x0 usart/USART.o
 .text.USARTInit
                0x00000000       0x1a usart/USART.o
 .text.UReadData
                0x00000000       0x4c usart/USART.o
 .text.UWriteData
                0x00000000        0x8 usart/USART.o
 .text.UDataAvailable
                0x00000000       0x44 usart/USART.o
 .text.UWriteString
                0x00000000       0x1e usart/USART.o
 .text.UReadBuffer
                0x00000000       0x2c usart/USART.o
 .text.UFlushBuffer
                0x00000000       0x10 usart/USART.o
 .text          0x00000000        0x0 c:/program files (x86)/atmel/studio/7.0/toolchain/avr8/avr8-gnu-toolchain/bin/../lib/gcc/avr/4.9.2/avr5\libgcc.a(_exit.o)
 .data          0x00000000        0x0 c:/program files (x86)/atmel/studio/7.0/toolchain/avr8/avr8-gnu-toolchain/bin/../lib/gcc/avr/4.9.2/avr5\libgcc.a(_exit.o)
 .bss           0x00000000        0x0 c:/program files (x86)/atmel/studio/7.0/toolchain/avr8/avr8-gnu-toolchain/bin/../lib/gcc/avr/4.9.2/avr5\libgcc.a(_exit.o)
 .text.libgcc.mul
                0x00000000        0x0 c:/program files (x86)/atmel/studio/7.0/toolchain/avr8/avr8-gnu-toolchain/bin/../lib/gcc/avr/4.9.2/avr5\libgcc.a(_exit.o)
 .text.libgcc.div
                0x00000000        0x0 c:/program files (x86)/atmel/studio/7.0/toolchain/avr8/avr8-gnu-toolchain/bin/../lib/gcc/avr/4.9.2/avr5\libgcc.a(_exit.o)
 .text.libgcc   0x00000000        0x0 c:/program files (x86)/atmel/studio/7.0/toolchain/avr8/avr8-gnu-toolchain/bin/../lib/gcc/avr/4.9.2/avr5\libgcc.a(_exit.o)
 .text.libgcc.prologue
                0x00000000        0x0 c:/program files (x86)/atmel/studio/7.0/toolchain/avr8/avr8-gnu-toolchain/bin/../lib/gcc/avr/4.9.2/avr5\libgcc.a(_exit.o)
 .text.libgcc.builtins
                0x00000000        0x0 c:/program files (x86)/atmel/studio/7.0/toolchain/avr8/avr8-gnu-toolchain/bin/../lib/gcc/avr/4.9.2/avr5\libgcc.a(_exit.o)
 .text.libgcc.fmul
                0x00000000        0x0 c:/program files (x86)/atmel/studio/7.0/toolchain/avr8/avr8-gnu-toolchain/bin/../lib/gcc/avr/4.9.2/avr5\libgcc.a(_exit.o)
 .text.libgcc.fixed
                0x00000000        0x0 c:/program files (x86)/atmel/studio/7.0/toolchain/avr8/avr8-gnu-toolchain/bin/../lib/gcc/avr/4.9.2/avr5\libgcc.a(_exit.o)
 .text          0x00000000        0x0 c:/program files (x86)/atmel/studio/7.0/toolchain/avr8/avr8-gnu-toolchain/bin/../lib/gcc/avr/4.9.2/avr5\libgcc.a(_copy_data.o)
 .data          0x00000000        0x0 c:/program files (x86)/atmel/studio/7.0/toolchain/avr8/avr8-gnu-toolchain/bin/../lib/gcc/avr/4.9.2/avr5\libgcc.a(_copy_data.o)
 .bss           0x00000000        0x0 c:/program files (x86)/atmel/studio/7.0/toolchain/avr8/avr8-gnu-toolchain/bin/../lib/gcc/avr/4.9.2/avr5\libgcc.a(_copy_data.o)
 .text.libgcc.mul
                0x00000000        0x0 c:/program files (x86)/atmel/studio/7.0/toolchain/avr8/avr8-gnu-toolchain/bin/../lib/gcc/avr/4.9.2/avr5\libgcc.a(_copy_data.o)
 .text.libgcc.div
                0x00000000        0x0 c:/program files (x86)/atmel/studio/7.0/toolchain/avr8/avr8-gnu-toolchain/bin/../lib/gcc/avr/4.9.2/avr5\libgcc.a(_copy_data.o)
 .text.libgcc   0x00000000        0x0 c:/program files (x86)/atmel/studio/7.0/toolchain/avr8/avr8-gnu-toolchain/bin/../lib/gcc/avr/4.9.2/avr5\libgcc.a(_copy_data.o)
 .text.libgcc.prologue
                0x00000000        0x0 c:/program files (x86)/atmel/studio/7.0/toolchain/avr8/avr8-gnu-toolchain/bin/../lib/gcc/avr/4.9.2/avr5\libgcc.a(_copy_data.o)
 .text.libgcc.builtins
                0x00000000        0x0 c:/program files (x86)/atmel/studio/7.0/toolchain/avr8/avr8-gnu-toolchain/bin/../lib/gcc/avr/4.9.2/avr5\libgcc.a(_copy_data.o)
 .text.libgcc.fmul
                0x00000000        0x0 c:/program files (x86)/atmel/studio/7.0/toolchain/avr8/avr8-gnu-toolchain/bin/../lib/gcc/avr/4.9.2/avr5\libgcc.a(_copy_data.o)
 .text.libgcc.fixed
                0x00000000        0x0 c:/program files (x86)/atmel/studio/7.0/toolchain/avr8/avr8-gnu-toolchain/bin/../lib/gcc/avr/4.9.2/avr5\libgcc.a(_copy_data.o)
 .text          0x00000000        0x0 c:/program files (x86)/atmel/studio/7.0/toolchain/avr8/avr8-gnu-toolchain/bin/../lib/gcc/avr/4.9.2/avr5\libgcc.a(_clear_bss.o)
 .data          0x00000000        0x0 c:/program files (x86)/atmel/studio/7.0/toolchain/avr8/avr8-gnu-toolchain/bin/../lib/gcc/avr/4.9.2/avr5\libgcc.a(_clear_bss.o)
 .bss           0x00000000        0x0 c:/program files (x86)/atmel/studio/7.0/toolchain/avr8/avr8-gnu-toolchain/bin/../lib/gcc/avr/4.9.2/avr5\libgcc.a(_clear_bss.o)
 .text.libgcc.mul
                0x00000000        0x0 c:/program files (x86)/atmel/studio/7.0/toolchain/avr8/avr8-gnu-toolchain/bin/../lib/gcc/avr/4.9.2/avr5\libgcc.a(_clear_bss.o)
 .text.libgcc.div
                0x00000000        0x0 c:/program files (x86)/atmel/studio/7.0/toolchain/avr8/avr8-gnu-toolchain/bin/../lib/gcc/avr/4.9.2/avr5\libgcc.a(_clear_bss.o)
 .text.libgcc   0x00000000        0x0 c:/program files (x86)/atmel/studio/7.0/toolchain/avr8/avr8-gnu-toolchain/bin/../lib/gcc/avr/4.9.2/avr5\libgcc.a(_clear_bss.o)
 .text.libgcc.prologue
                0x00000000        0x0 c:/program files (x86)/atmel/studio/7.0/toolchain/avr8/avr8-gnu-toolchain/bin/../lib/gcc/avr/4.9.2/avr5\libgcc.a(_clear_bss.o)
 .text.libgcc.builtins
                0x00000000        0x0 c:/program files (x86)/atmel/studio/7.0/toolchain/avr8/avr8-gnu-toolchain/bin/../lib/gcc/avr/4.9.2/avr5\libgcc.a(_clear_bss.o)
 .text.libgcc.fmul
                0x00000000        0x0 c:/program files (x86)/atmel/studio/7.0/toolchain/avr8/avr8-gnu-toolchain/bin/../lib/gcc/avr/4.9.2/avr5\libgcc.a(_clear_bss.o)
 .text.libgcc.fixed
                0x00000000        0x0 c:/program files (x86)/atmel/studio/7.0/toolchain/avr8/avr8-gnu-toolchain/bin/../lib/gcc/avr/4.9.2/avr5\libgcc.a(_clear_bss.o)
 .text          0x00000000        0x0 c:/program files (x86)/atmel/studio/7.0/toolchain/avr8/avr8-gnu-toolchain/bin/../lib/gcc/avr/4.9.2/../../../../avr/lib/avr5\libc.a(atoi.o)
 .data          0x00000000        0x0 c:/program files (x86)/atmel/studio/7.0/toolchain/avr8/avr8-gnu-toolchain/bin/../lib/gcc/avr/4.9.2/../../../../avr/lib/avr5\libc.a(atoi.o)
 .bss           0x00000000        0x0 c:/program files (x86)/atmel/studio/7.0/toolchain/avr8/avr8-gnu-toolchain/bin/../lib/gcc/avr/4.9.2/../../../../avr/lib/avr5\libc.a(atoi.o)
 .text          0x00000000        0x0 c:/program files (x86)/atmel/studio/7.0/toolchain/avr8/avr8-gnu-toolchain/bin/../lib/gcc/avr/4.9.2/../../../../avr/lib/avr5\libc.a(isalnum.o)
 .data          0x00000000        0x0 c:/program files (x86)/atmel/studio/7.0/toolchain/avr8/avr8-gnu-toolchain/bin/../lib/gcc/avr/4.9.2/../../../../avr/lib/avr5\libc.a(isalnum.o)
 .bss           0x00000000        0x0 c:/program files (x86)/atmel/studio/7.0/toolchain/avr8/avr8-gnu-toolchain/bin/../lib/gcc/avr/4.9.2/../../../../avr/lib/avr5\libc.a(isalnum.o)
 .text.avr-libc
                0x00000000       0x14 c:/program files (x86)/atmel/studio/7.0/toolchain/avr8/avr8-gnu-toolchain/bin/../lib/gcc/avr/4.9.2/../../../../avr/lib/avr5\libc.a(isalnum.o)
 .text          0x00000000        0x0 c:/program files (x86)/atmel/studio/7.0/toolchain/avr8/avr8-gnu-toolchain/bin/../lib/gcc/avr/4.9.2/../../../../avr/lib/avr5\libc.a(cty_isfalse.o)
 .data          0x00000000        0x0 c:/program files (x86)/atmel/studio/7.0/toolchain/avr8/avr8-gnu-toolchain/bin/../lib/gcc/avr/4.9.2/../../../../avr/lib/avr5\libc.a(cty_isfalse.o)
 .bss           0x00000000        0x0 c:/program files (x86)/atmel/studio/7.0/toolchain/avr8/avr8-gnu-toolchain/bin/../lib/gcc/avr/4.9.2/../../../../avr/lib/avr5\libc.a(cty_isfalse.o)
 .text          0x00000000        0x0 c:/program files (x86)/atmel/studio/7.0/toolchain/avr8/avr8-gnu-toolchain/bin/../lib/gcc/avr/4.9.2/../../../../avr/lib/avr5\libc.a(isalpha.o)
 .data          0x00000000        0x0 c:/program files (x86)/atmel/studio/7.0/toolchain/avr8/avr8-gnu-toolchain/bin/../lib/gcc/avr/4.9.2/../../../../avr/lib/avr5\libc.a(isalpha.o)
 .bss           0x00000000        0x0 c:/program files (x86)/atmel/studio/7.0/toolchain/avr8/avr8-gnu-toolchain/bin/../lib/gcc/avr/4.9.2/../../../../avr/lib/avr5\libc.a(isalpha.o)
 .text.avr-libc
                0x00000000       0x16 c:/program files (x86)/atmel/studio/7.0/toolchain/avr8/avr8-gnu-toolchain/bin/../lib/gcc/avr/4.9.2/../../../../avr/lib/avr5\libc.a(isalpha.o)
 .text          0x00000000        0x0 c:/program files (x86)/atmel/studio/7.0/toolchain/avr8/avr8-gnu-toolchain/bin/../lib/gcc/avr/4.9.2/../../../../avr/lib/avr5\libc.a(isblank.o)
 .data          0x00000000        0x0 c:/program files (x86)/atmel/studio/7.0/toolchain/avr8/avr8-gnu-toolchain/bin/../lib/gcc/avr/4.9.2/../../../../avr/lib/avr5\libc.a(isblank.o)
 .bss           0x00000000        0x0 c:/program files (x86)/atmel/studio/7.0/toolchain/avr8/avr8-gnu-toolchain/bin/../lib/gcc/avr/4.9.2/../../../../avr/lib/avr5\libc.a(isblank.o)
 .text          0x00000000        0x0 c:/program files (x86)/atmel/studio/7.0/toolchain/avr8/avr8-gnu-toolchain/bin/../lib/gcc/avr/4.9.2/../../../../avr/lib/avr5\libc.a(memcmp.o)
 .data          0x00000000        0x0 c:/program files (x86)/atmel/studio/7.0/toolchain/avr8/avr8-gnu-toolchain/bin/../lib/gcc/avr/4.9.2/../../../../avr/lib/avr5\libc.a(memcmp.o)
 .bss           0x00000000        0x0 c:/program files (x86)/atmel/studio/7.0/toolchain/avr8/avr8-gnu-toolchain/bin/../lib/gcc/avr/4.9.2/../../../../avr/lib/avr5\libc.a(memcmp.o)
 .text          0x00000000        0x0 c:/program files (x86)/atmel/studio/7.0/toolchain/avr8/avr8-gnu-toolchain/bin/../lib/gcc/avr/4.9.2/../../../../avr/lib/avr5\libc.a(strchr.o)
 .data          0x00000000        0x0 c:/program files (x86)/atmel/studio/7.0/toolchain/avr8/avr8-gnu-toolchain/bin/../lib/gcc/avr/4.9.2/../../../../avr/lib/avr5\libc.a(strchr.o)
 .bss           0x00000000        0x0 c:/program files (x86)/atmel/studio/7.0/toolchain/avr8/avr8-gnu-toolchain/bin/../lib/gcc/avr/4.9.2/../../../../avr/lib/avr5\libc.a(strchr.o)
 .text.avr-libc
                0x00000000       0x16 c:/program files (x86)/atmel/studio/7.0/toolchain/avr8/avr8-gnu-toolchain/bin/../lib/gcc/avr/4.9.2/../../../../avr/lib/avr5\libc.a(strchr.o)
 .text          0x00000000        0x0 c:/program files (x86)/atmel/studio/7.0/toolchain/avr8/avr8-gnu-toolchain/bin/../lib/gcc/avr/4.9.2/../../../../avr/lib/avr5\libc.a(strcpy.o)
 .data          0x00000000        0x0 c:/program files (x86)/atmel/studio/7.0/toolchain/avr8/avr8-gnu-toolchain/bin/../lib/gcc/avr/4.9.2/../../../../avr/lib/avr5\libc.a(strcpy.o)
 .bss           0x00000000        0x0 c:/program files (x86)/atmel/studio/7.0/toolchain/avr8/avr8-gnu-toolchain/bin/../lib/gcc/avr/4.9.2/../../../../avr/lib/avr5\libc.a(strcpy.o)
 .text.avr-libc
                0x00000000        0xe c:/program files (x86)/atmel/studio/7.0/toolchain/avr8/avr8-gnu-toolchain/bin/../lib/gcc/avr/4.9.2/../../../../avr/lib/avr5\libc.a(strcpy.o)
 .text          0x00000000        0x0 c:/program files (x86)/atmel/studio/7.0/toolchain/avr8/avr8-gnu-toolchain/bin/../lib/gcc/avr/4.9.2/../../../../avr/lib/avr5\libc.a(strncasecmp.o)
 .data          0x00000000        0x0 c:/program files (x86)/atmel/studio/7.0/toolchain/avr8/avr8-gnu-toolchain/bin/../lib/gcc/avr/4.9.2/../../../../avr/lib/avr5\libc.a(strncasecmp.o)
 .bss           0x00000000        0x0 c:/program files (x86)/atmel/studio/7.0/toolchain/avr8/avr8-gnu-toolchain/bin/../lib/gcc/avr/4.9.2/../../../../avr/lib/avr5\libc.a(strncasecmp.o)
 .text.avr-libc
                0x00000000       0x30 c:/program files (x86)/atmel/studio/7.0/toolchain/avr8/avr8-gnu-toolchain/bin/../lib/gcc/avr/4.9.2/../../../../avr/lib/avr5\libc.a(strncasecmp.o)
 .text          0x00000000        0x0 c:/program files (x86)/atmel/studio/7.0/toolchain/avr8/avr8-gnu-toolchain/bin/../lib/gcc/avr/4.9.2/../../../../avr/lib/avr5\libc.a(strncmp.o)
 .data          0x00000000        0x0 c:/program files (x86)/atmel/studio/7.0/toolchain/avr8/avr8-gnu-toolchain/bin/../lib/gcc/avr/4.9.2/../../../../avr/lib/avr5\libc.a(strncmp.o)
 .bss           0x00000000        0x0 c:/program files (x86)/atmel/studio/7.0/toolchain/avr8/avr8-gnu-toolchain/bin/../lib/gcc/avr/4.9.2/../../../../avr/lib/avr5\libc.a(strncmp.o)
 .text          0x00000000        0x0 c:/program files (x86)/atmel/studio/7.0/toolchain/avr8/avr8-gnu-toolchain/bin/../lib/gcc/avr/4.9.2/../../../../avr/lib/avr5\libc.a(itoa.o)
 .data          0x00000000        0x0 c:/program files (x86)/atmel/studio/7.0/toolchain/avr8/avr8-gnu-toolchain/bin/../lib/gcc/avr/4.9.2/../../../../avr/lib/avr5\libc.a(itoa.o)
 .bss           0x00000000        0x0 c:/program files (x86)/atmel/studio/7.0/toolchain/avr8/avr8-gnu-toolchain/bin/../lib/gcc/avr/4.9.2/../../../../avr/lib/avr5\libc.a(itoa.o)
 .text          0x00000000        0x0 c:/program files (x86)/atmel/studio/7.0/toolchain/avr8/avr8-gnu-toolchain/bin/../lib/gcc/avr/4.9.2/../../../../avr/lib/avr5\libc.a(itoa_ncheck.o)
 .data          0x00000000        0x0 c:/program files (x86)/atmel/studio/7.0/toolchain/avr8/avr8-gnu-toolchain/bin/../lib/gcc/avr/4.9.2/../../../../avr/lib/avr5\libc.a(itoa_ncheck.o)
 .bss           0x00000000        0x0 c:/program files (x86)/atmel/studio/7.0/toolchain/avr8/avr8-gnu-toolchain/bin/../lib/gcc/avr/4.9.2/../../../../avr/lib/avr5\libc.a(itoa_ncheck.o)
 .text          0x00000000        0x0 c:/program files (x86)/atmel/studio/7.0/toolchain/avr8/avr8-gnu-toolchain/bin/../lib/gcc/avr/4.9.2/../../../../avr/lib/avr5\libc.a(mul10.o)
 .data          0x00000000        0x0 c:/program files (x86)/atmel/studio/7.0/toolchain/avr8/avr8-gnu-toolchain/bin/../lib/gcc/avr/4.9.2/../../../../avr/lib/avr5\libc.a(mul10.o)
 .bss           0x00000000        0x0 c:/program files (x86)/atmel/studio/7.0/toolchain/avr8/avr8-gnu-toolchain/bin/../lib/gcc/avr/4.9.2/../../../../avr/lib/avr5\libc.a(mul10.o)
 .text          0x00000000        0x0 c:/program files (x86)/atmel/studio/7.0/toolchain/avr8/avr8-gnu-toolchain/bin/../lib/gcc/avr/4.9.2/../../../../avr/lib/avr5\libc.a(utoa_ncheck.o)
 .data          0x00000000        0x0 c:/program files (x86)/atmel/studio/7.0/toolchain/avr8/avr8-gnu-toolchain/bin/../lib/gcc/avr/4.9.2/../../../../avr/lib/avr5\libc.a(utoa_ncheck.o)
 .bss           0x00000000        0x0 c:/program files (x86)/atmel/studio/7.0/toolchain/avr8/avr8-gnu-toolchain/bin/../lib/gcc/avr/4.9.2/../../../../avr/lib/avr5\libc.a(utoa_ncheck.o)
 .text          0x00000000        0x0 c:/program files (x86)/atmel/studio/7.0/toolchain/avr8/avr8-gnu-toolchain/bin/../lib/gcc/avr/4.9.2/../../../../avr/lib/avr5\libc.a(sprintf.o)
 .data          0x00000000        0x0 c:/program files (x86)/atmel/studio/7.0/toolchain/avr8/avr8-gnu-toolchain/bin/../lib/gcc/avr/4.9.2/../../../../avr/lib/avr5\libc.a(sprintf.o)
 .bss           0x00000000        0x0 c:/program files (x86)/atmel/studio/7.0/toolchain/avr8/avr8-gnu-toolchain/bin/../lib/gcc/avr/4.9.2/../../../../avr/lib/avr5\libc.a(sprintf.o)
 .text.avr-libc
                0x00000000       0x46 c:/program files (x86)/atmel/studio/7.0/toolchain/avr8/avr8-gnu-toolchain/bin/../lib/gcc/avr/4.9.2/../../../../avr/lib/avr5\libc.a(sprintf.o)
 .comment       0x00000000       0x31 c:/program files (x86)/atmel/studio/7.0/toolchain/avr8/avr8-gnu-toolchain/bin/../lib/gcc/avr/4.9.2/../../../../avr/lib/avr5\libc.a(sprintf.o)
 .text          0x00000000        0x0 c:/program files (x86)/atmel/studio/7.0/toolchain/avr8/avr8-gnu-toolchain/bin/../lib/gcc/avr/4.9.2/../../../../avr/lib/avr5\libc.a(vfprintf_std.o)
 .data          0x00000000        0x0 c:/program files (x86)/atmel/studio/7.0/toolchain/avr8/avr8-gnu-toolchain/bin/../lib/gcc/avr/4.9.2/../../../../avr/lib/avr5\libc.a(vfprintf_std.o)
 .bss           0x00000000        0x0 c:/program files (x86)/atmel/studio/7.0/toolchain/avr8/avr8-gnu-toolchain/bin/../lib/gcc/avr/4.9.2/../../../../avr/lib/avr5\libc.a(vfprintf_std.o)
 .text.avr-libc
                0x00000000      0x3a4 c:/program files (x86)/atmel/studio/7.0/toolchain/avr8/avr8-gnu-toolchain/bin/../lib/gcc/avr/4.9.2/../../../../avr/lib/avr5\libc.a(vfprintf_std.o)
 .comment       0x00000000       0x2d c:/program files (x86)/atmel/studio/7.0/toolchain/avr8/avr8-gnu-toolchain/bin/../lib/gcc/avr/4.9.2/../../../../avr/lib/avr5\libc.a(vfprintf_std.o)
 .text          0x00000000        0x0 c:/program files (x86)/atmel/studio/7.0/toolchain/avr8/avr8-gnu-toolchain/bin/../lib/gcc/avr/4.9.2/../../../../avr/lib/avr5\libc.a(strnlen_P.o)
 .data          0x00000000        0x0 c:/program files (x86)/atmel/studio/7.0/toolchain/avr8/avr8-gnu-toolchain/bin/../lib/gcc/avr/4.9.2/../../../../avr/lib/avr5\libc.a(strnlen_P.o)
 .bss           0x00000000        0x0 c:/program files (x86)/atmel/studio/7.0/toolchain/avr8/avr8-gnu-toolchain/bin/../lib/gcc/avr/4.9.2/../../../../avr/lib/avr5\libc.a(strnlen_P.o)
 .text.avr-libc
                0x00000000       0x16 c:/program files (x86)/atmel/studio/7.0/toolchain/avr8/avr8-gnu-toolchain/bin/../lib/gcc/avr/4.9.2/../../../../avr/lib/avr5\libc.a(strnlen_P.o)
 .text          0x00000000        0x0 c:/program files (x86)/atmel/studio/7.0/toolchain/avr8/avr8-gnu-toolchain/bin/../lib/gcc/avr/4.9.2/../../../../avr/lib/avr5\libc.a(strnlen.o)
 .data          0x00000000        0x0 c:/program files (x86)/atmel/studio/7.0/toolchain/avr8/avr8-gnu-toolchain/bin/../lib/gcc/avr/4.9.2/../../../../avr/lib/avr5\libc.a(strnlen.o)
 .bss           0x00000000        0x0 c:/program files (x86)/atmel/studio/7.0/toolchain/avr8/avr8-gnu-toolchain/bin/../lib/gcc/avr/4.9.2/../../../../avr/lib/avr5\libc.a(strnlen.o)
 .text.avr-libc
                0x00000000       0x16 c:/program files (x86)/atmel/studio/7.0/toolchain/avr8/avr8-gnu-toolchain/bin/../lib/gcc/avr/4.9.2/../../../../avr/lib/avr5\libc.a(strnlen.o)
 .text          0x00000000        0x0 c:/program files (x86)/atmel/studio/7.0/toolchain/avr8/avr8-gnu-toolchain/bin/../lib/gcc/avr/4.9.2/../../../../avr/lib/avr5\libc.a(strrev.o)
 .data          0x00000000        0x0 c:/program files (x86)/atmel/studio/7.0/toolchain/avr8/avr8-gnu-toolchain/bin/../lib/gcc/avr/4.9.2/../../../../avr/lib/avr5\libc.a(strrev.o)
 .bss           0x00000000        0x0 c:/program files (x86)/atmel/studio/7.0/toolchain/avr8/avr8-gnu-toolchain/bin/../lib/gcc/avr/4.9.2/../../../../avr/lib/avr5\libc.a(strrev.o)
 .text          0x00000000        0x0 c:/program files (x86)/atmel/studio/7.0/toolchain/avr8/avr8-gnu-toolchain/bin/../lib/gcc/avr/4.9.2/../../../../avr/lib/avr5\libc.a(fputc.o)
 .data          0x00000000        0x0 c:/program files (x86)/atmel/studio/7.0/toolchain/avr8/avr8-gnu-toolchain/bin/../lib/gcc/avr/4.9.2/../../../../avr/lib/avr5\libc.a(fputc.o)
 .bss           0x00000000        0x0 c:/program files (x86)/atmel/studio/7.0/toolchain/avr8/avr8-gnu-toolchain/bin/../lib/gcc/avr/4.9.2/../../../../avr/lib/avr5\libc.a(fputc.o)
 .text.avr-libc
                0x00000000       0x70 c:/program files (x86)/atmel/studio/7.0/toolchain/avr8/avr8-gnu-toolchain/bin/../lib/gcc/avr/4.9.2/../../../../avr/lib/avr5\libc.a(fputc.o)
 .comment       0x00000000       0x31 c:/program files (x86)/atmel/studio/7.0/toolchain/avr8/avr8-gnu-toolchain/bin/../lib/gcc/avr/4.9.2/../../../../avr/lib/avr5\libc.a(fputc.o)
 .text          0x00000000        0x0 c:/program files (x86)/atmel/studio/7.0/toolchain/avr8/avr8-gnu-toolchain/bin/../lib/gcc/avr/4.9.2/../../../../avr/lib/avr5\libc.a(ultoa_invert.o)
 .data          0x00000000        0x0 c:/program files (x86)/atmel/studio/7.0/toolchain/avr8/avr8-gnu-toolchain/bin/../lib/gcc/avr/4.9.2/../../../../avr/lib/avr5\libc.a(ultoa_invert.o)
 .bss           0x00000000        0x0 c:/program files (x86)/atmel/studio/7.0/toolchain/avr8/avr8-gnu-toolchain/bin/../lib/gcc/avr/4.9.2/../../../../avr/lib/avr5\libc.a(ultoa_invert.o)
 .text.avr-libc
                0x00000000       0xbc c:/program files (x86)/atmel/studio/7.0/toolchain/avr8/avr8-gnu-toolchain/bin/../lib/gcc/avr/4.9.2/../../../../avr/lib/avr5\libc.a(ultoa_invert.o)
 .text          0x00000000        0x0 c:/program files (x86)/atmel/studio/7.0/toolchain/avr8/avr8-gnu-toolchain/bin/../lib/gcc/avr/4.9.2/avr5\libgcc.a(_prologue.o)
 .data          0x00000000        0x0 c:/program files (x86)/atmel/studio/7.0/toolchain/avr8/avr8-gnu-toolchain/bin/../lib/gcc/avr/4.9.2/avr5\libgcc.a(_prologue.o)
 .bss           0x00000000        0x0 c:/program files (x86)/atmel/studio/7.0/toolchain/avr8/avr8-gnu-toolchain/bin/../lib/gcc/avr/4.9.2/avr5\libgcc.a(_prologue.o)
 .text.libgcc.mul
                0x00000000        0x0 c:/program files (x86)/atmel/studio/7.0/toolchain/avr8/avr8-gnu-toolchain/bin/../lib/gcc/avr/4.9.2/avr5\libgcc.a(_prologue.o)
 .text.libgcc.div
                0x00000000        0x0 c:/program files (x86)/atmel/studio/7.0/toolchain/avr8/avr8-gnu-toolchain/bin/../lib/gcc/avr/4.9.2/avr5\libgcc.a(_prologue.o)
 .text.libgcc   0x00000000        0x0 c:/program files (x86)/atmel/studio/7.0/toolchain/avr8/avr8-gnu-toolchain/bin/../lib/gcc/avr/4.9.2/avr5\libgcc.a(_prologue.o)
 .text.libgcc.prologue
                0x00000000       0x38 c:/program files (x86)/atmel/studio/7.0/toolchain/avr8/avr8-gnu-toolchain/bin/../lib/gcc/avr/4.9.2/avr5\libgcc.a(_prologue.o)
 .text.libgcc.builtins
                0x00000000        0x0 c:/program files (x86)/atmel/studio/7.0/toolchain/avr8/avr8-gnu-toolchain/bin/../lib/gcc/avr/4.9.2/avr5\libgcc.a(_prologue.o)
 .text.libgcc.fmul
                0x00000000        0x0 c:/program files (x86)/atmel/studio/7.0/toolchain/avr8/avr8-gnu-toolchain/bin/../lib/gcc/avr/4.9.2/avr5\libgcc.a(_prologue.o)
 .text.libgcc.fixed
                0x00000000        0x0 c:/program files (x86)/atmel/studio/7.0/toolchain/avr8/avr8-gnu-toolchain/bin/../lib/gcc/avr/4.9.2/avr5\libgcc.a(_prologue.o)
 .text          0x00000000        0x0 c:/program files (x86)/atmel/studio/7.0/toolchain/avr8/avr8-gnu-toolchain/bin/../lib/gcc/avr/4.9.2/avr5\libgcc.a(_epilogue.o)
 .data          0x00000000        0x0 c:/program files (x86)/atmel/studio/7.0/toolchain/avr8/avr8-gnu-toolchain/bin/../lib/gcc/avr/4.9.2/avr5\libgcc.a(_epilogue.o)
 .bss           0x00000000        0x0 c:/program files (x86)/atmel/studio/7.0/toolchain/avr8/avr8-gnu-toolchain/bin/../lib/gcc/avr/4.9.2/avr5\libgcc.a(_epilogue.o)
 .text.libgcc.mul
                0x00000000        0x0 c:/program files (x86)/atmel/studio/7.0/toolchain/avr8/avr8-gnu-toolchain/bin/../lib/gcc/avr/4.9.2/avr5\libgcc.a(_epilogue.o)
 .text.libgcc.div
                0x00000000        0x0 c:/program files (x86)/atmel/studio/7.0/toolchain/avr8/avr8-gnu-toolchain/bin/../lib/gcc/avr/4.9.2/avr5\libgcc.a(_epilogue.o)
 .text.libgcc   0x00000000        0x0 c:/program files (x86)/atmel/studio/7.0/toolchain/avr8/avr8-gnu-toolchain/bin/../lib/gcc/avr/4.9.2/avr5\libgcc.a(_epilogue.o)
 .text.libgcc.prologue
                0x00000000       0x36 c:/program files (x86)/atmel/studio/7.0/toolchain/avr8/avr8-gnu-toolchain/bin/../lib/gcc/avr/4.9.2/avr5\libgcc.a(_epilogue.o)
 .text.libgcc.builtins
                0x00000000        0x0 c:/program files (x86)/atmel/studio/7.0/toolchain/avr8/avr8-gnu-toolchain/bin/../lib/gcc/avr/4.9.2/avr5\libgcc.a(_epilogue.o)
 .text.libgcc.fmul
                0x00000000        0x0 c:/program files (x86)/atmel/studio/7.0/toolchain/avr8/avr8-gnu-toolchain/bin/../lib/gcc/avr/4.9.2/avr5\libgcc.a(_epilogue.o)
 .text.libgcc.fixed
                0x00000000        0x0 c:/program files (x86)/atmel/studio/7.0/toolchain/avr8/avr8-gnu-toolchain/bin/../lib/gcc/avr/4.9.2/avr5\libgcc.a(_epilogue.o)

Memory Configuration

Name             Origin             Length             Attributes
text             0x00000000         0x00020000         xr
data             0x00800060         0x0000ffa0         rw !x
eeprom           0x00810000         0x00010000         rw !x
fuse             0x00820000         0x00000400         rw !x
lock             0x00830000         0x00000400         rw !x
signature        0x00840000         0x00000400         rw !x
user_signatures  0x00850000         0x00000400         rw !x
*default*        0x00000000         0xffffffff

Linker script and memory map

LOAD C:/Program Files (x86)/Atmel/Studio/7.0/Packs/atmel/ATmega_DFP/1.0.90/gcc/dev/atmega32/avr5/crtatmega32.o
LOAD gsm/sim300.o
LOAD main.o
LOAD tux/dnslkup.o
LOAD tux/enc28j60.o
LOAD tux/ip_arp_udp_tcp.o
LOAD tux/websrv_help_functions.o
LOAD usart/USART.o
START GROUP
LOAD c:/program files (x86)/atmel/studio/7.0/toolchain/avr8/avr8-gnu-toolchain/bin/../lib/gcc/avr/4.9.2/../../../../avr/lib/avr5\libm.a
END GROUP
START GROUP
LOAD c:/program files (x86)/atmel/studio/7.0/toolchain/avr8/avr8-gnu-toolchain/bin/../lib/gcc/avr/4.9.2/avr5\libgcc.a
LOAD c:/program files (x86)/atmel/studio/7.0/toolchain/avr8/avr8-gnu-toolchain/bin/../lib/gcc/avr/4.9.2/../../../../avr/lib/avr5\libm.a
LOAD c:/program files (x86)/atmel/studio/7.0/toolchain/avr8/avr8-gnu-toolchain/bin/../lib/gcc/avr/4.9.2/../../../../avr/lib/avr5\libc.a
LOAD C:/Program Files (x86)/Atmel/Studio/7.0/Packs/atmel/ATmega_DFP/1.0.90/gcc/dev/atmega32/avr5\libatmega32.a
END GROUP

.hash
 *(.hash)

.dynsym
 *(.dynsym)

.dynstr
 *(.dynstr)

.gnu.version
 *(.gnu.version)

.gnu.version_d
 *(.gnu.version_d)

.gnu.version_r
 *(.gnu.version_r)

.rel.init
 *(.rel.init)

.rela.init
 *(.rela.init)

.rel.text
 *(.rel.text)
 *(.rel.text.*)
 *(.rel.gnu.linkonce.t*)

.rela.text
 *(.rela.text)
 *(.rela.text.*)
 *(.rela.gnu.linkonce.t*)

.rel.fini
 *(.rel.fini)

.rela.fini
 *(.rela.fini)

.rel.rodata
 *(.rel.rodata)
 *(.rel.rodata.*)
 *(.rel.gnu.linkonce.r*)

.rela.rodata
 *(.rela.rodata)
 *(.rela.rodata.*)
 *(.rela.gnu.linkonce.r*)

.rel.data
 *(.rel.data)
 *(.rel.data.*)
 *(.rel.gnu.linkonce.d*)

.rela.data
 *(.rela.data)
 *(.rela.data.*)
 *(.rela.gnu.linkonce.d*)

.rel.ctors
 *(.rel.ctors)

.rela.ctors
 *(.rela.ctors)

.rel.dtors
 *(.rel.dtors)

.rela.dtors
 *(.rela.dtors)

.rel.got
 *(.rel.got)

.rela.got
 *(.rela.got)

.rel.bss
 *(.rel.bss)

.rela.bss
 *(.rela.bss)

.rel.plt
 *(.rel.plt)

.rela.plt
 *(.rela.plt)

.text           0x00000000     0x213a
 *(.vectors)
 .vectors       0x00000000       0x54 C:/Program Files (x86)/Atmel/Studio/7.0/Packs/atmel/ATmega_DFP/1.0.90/gcc/dev/atmega32/avr5/crtatmega32.o
                0x00000000                __vector_default
                0x00000000                __vectors
 *(.vectors)
 *(.progmem.gcc*)
                0x00000054                . = ALIGN (0x2)
                0x00000054                __trampolines_start = .
 *(.trampolines)
 .trampolines   0x00000054        0x0 linker stubs
 *(.trampolines*)
                0x00000054                __trampolines_end = .
 *(.progmem*)
 .progmem.data.__c.2313
                0x00000054       0x10 main.o
 .progmem.data.__c.2309
                0x00000064       0x54 main.o
 .progmem.data.__c.2311
                0x000000b8       0x12 main.o
 .progmem.data.__c.2279
                0x000000ca       0x10 main.o
 .progmem.data.__c.2277
                0x000000da       0x10 main.o
 .progmem.data.__c.2275
                0x000000ea       0x29 main.o
 .progmem.data.__c.2273
                0x00000113       0x29 main.o
 .progmem.data.__c.2271
                0x0000013c        0xf main.o
 .progmem.data.__c.2269
                0x0000014b        0xd main.o
 .progmem.data.__c.2267
                0x00000158       0x19 main.o
 .progmem.data.__c.2265
                0x00000171       0x11 main.o
 .progmem.data.__c.2263
                0x00000182       0x10 main.o
 .progmem.data.__c.2261
                0x00000192       0x22 main.o
 .progmem.data.__c.2253
                0x000001b4       0x3f main.o
 .progmem.data.__c.2323
                0x000001f3       0x36 tux/ip_arp_udp_tcp.o
 .progmem.data.__c.2321
                0x00000229       0x11 tux/ip_arp_udp_tcp.o
 .progmem.data.__c.2319
                0x0000023a       0x25 tux/ip_arp_udp_tcp.o
 .progmem.data.__c.2317
                0x0000025f        0x3 tux/ip_arp_udp_tcp.o
 .progmem.data.__c.2315
                0x00000262       0x12 tux/ip_arp_udp_tcp.o
 .progmem.data.__c.2313
                0x00000274        0x6 tux/ip_arp_udp_tcp.o
 .progmem.data.__c.2311
                0x0000027a       0x2d tux/ip_arp_udp_tcp.o
 .progmem.data.__c.2309
                0x000002a7       0x12 tux/ip_arp_udp_tcp.o
 .progmem.data.__c.2307
                0x000002b9        0x5 tux/ip_arp_udp_tcp.o
 .progmem.data.arpreqhdr
                0x000002be        0x8 tux/ip_arp_udp_tcp.o
                0x000002be                arpreqhdr
 .progmem.data.iphdr
                0x000002c6        0x9 tux/ip_arp_udp_tcp.o
                0x000002c6                iphdr
                0x000002d0                . = ALIGN (0x2)
 *fill*         0x000002cf        0x1 
 *(.jumptables)
 *(.jumptables*)
 *(.lowtext)
 *(.lowtext*)
                0x000002d0                __ctors_start = .
 *(.ctors)
                0x000002d0                __ctors_end = .
                0x000002d0                __dtors_start = .
 *(.dtors)
                0x000002d0                __dtors_end = .
 SORT(*)(.ctors)
 SORT(*)(.dtors)
 *(.init0)
 .init0         0x000002d0        0x0 C:/Program Files (x86)/Atmel/Studio/7.0/Packs/atmel/ATmega_DFP/1.0.90/gcc/dev/atmega32/avr5/crtatmega32.o
                0x000002d0                __init
 *(.init0)
 *(.init1)
 *(.init1)
 *(.init2)
 .init2         0x000002d0        0xc C:/Program Files (x86)/Atmel/Studio/7.0/Packs/atmel/ATmega_DFP/1.0.90/gcc/dev/atmega32/avr5/crtatmega32.o
 *(.init2)
 *(.init3)
 *(.init3)
 *(.init4)
 .init4         0x000002dc       0x16 c:/program files (x86)/atmel/studio/7.0/toolchain/avr8/avr8-gnu-toolchain/bin/../lib/gcc/avr/4.9.2/avr5\libgcc.a(_copy_data.o)
                0x000002dc                __do_copy_data
 .init4         0x000002f2       0x10 c:/program files (x86)/atmel/studio/7.0/toolchain/avr8/avr8-gnu-toolchain/bin/../lib/gcc/avr/4.9.2/avr5\libgcc.a(_clear_bss.o)
                0x000002f2                __do_clear_bss
 *(.init4)
 *(.init5)
 *(.init5)
 *(.init6)
 *(.init6)
 *(.init7)
 *(.init7)
 *(.init8)
 *(.init8)
 *(.init9)
 .init9         0x00000302        0x8 C:/Program Files (x86)/Atmel/Studio/7.0/Packs/atmel/ATmega_DFP/1.0.90/gcc/dev/atmega32/avr5/crtatmega32.o
 *(.init9)
 *(.text)
 .text          0x0000030a        0x4 C:/Program Files (x86)/Atmel/Studio/7.0/Packs/atmel/ATmega_DFP/1.0.90/gcc/dev/atmega32/avr5/crtatmega32.o
                0x0000030a                __vector_1
                0x0000030a                __vector_12
                0x0000030a                __bad_interrupt
                0x0000030a                __vector_6
                0x0000030a                __vector_3
                0x0000030a                __vector_11
                0x0000030a                __vector_17
                0x0000030a                __vector_19
                0x0000030a                __vector_5
                0x0000030a                __vector_4
                0x0000030a                __vector_9
                0x0000030a                __vector_2
                0x0000030a                __vector_15
                0x0000030a                __vector_8
                0x0000030a                __vector_14
                0x0000030a                __vector_10
                0x0000030a                __vector_16
                0x0000030a                __vector_18
                0x0000030a                __vector_20
                0x0000030e                . = ALIGN (0x2)
 *(.text.*)
 .text.ping_callback
                0x0000030e        0x2 main.o
                0x0000030e                ping_callback
 .text.browserresult_callback
                0x00000310       0x12 main.o
                0x00000310                browserresult_callback
 .text.arpresolver_result_callback
                0x00000322       0x1a main.o
                0x00000322                arpresolver_result_callback
 .text.http200ok
                0x0000033c       0x12 main.o
                0x0000033c                http200ok
 .text.print_webpage
                0x0000034e      0x17c main.o
                0x0000034e                print_webpage
 .text.__vector_7
                0x000004ca       0x38 main.o
                0x000004ca                __vector_7
 .text.main     0x00000502      0x268 main.o
                0x00000502                main
 .text.dnslkup_haveanswer
                0x0000076a        0x6 tux/dnslkup.o
                0x0000076a                dnslkup_haveanswer
 .text.dnslkup_get_error_info
                0x00000770        0x6 tux/dnslkup.o
                0x00000770                dnslkup_get_error_info
 .text.dnslkup_get_ip
                0x00000776       0x16 tux/dnslkup.o
                0x00000776                dnslkup_get_ip
 .text.dnslkup_request
                0x0000078c      0x10a tux/dnslkup.o
                0x0000078c                dnslkup_request
 .text.udp_client_check_for_dns_answer
                0x00000896      0x100 tux/dnslkup.o
                0x00000896                udp_client_check_for_dns_answer
 .text.enc28j60ReadOp
                0x00000996       0x24 tux/enc28j60.o
                0x00000996                enc28j60ReadOp
 .text.enc28j60WriteOp
                0x000009ba       0x16 tux/enc28j60.o
                0x000009ba                enc28j60WriteOp
 .text.enc28j60ReadBuffer
                0x000009d0       0x30 tux/enc28j60.o
                0x000009d0                enc28j60ReadBuffer
 .text.enc28j60WriteBuffer
                0x00000a00       0x2e tux/enc28j60.o
                0x00000a00                enc28j60WriteBuffer
 .text.enc28j60SetBank
                0x00000a2e       0x4e tux/enc28j60.o
                0x00000a2e                enc28j60SetBank
 .text.enc28j60Read
                0x00000a7c       0x14 tux/enc28j60.o
                0x00000a7c                enc28j60Read
 .text.enc28j60Write
                0x00000a90       0x1c tux/enc28j60.o
                0x00000a90                enc28j60Write
 .text.enc28j60PhyRead
                0x00000aac       0x44 tux/enc28j60.o
                0x00000aac                enc28j60PhyRead
 .text.enc28j60PhyWrite
                0x00000af0       0x3a tux/enc28j60.o
                0x00000af0                enc28j60PhyWrite
 .text.enc28j60clkout
                0x00000b2a        0xc tux/enc28j60.o
                0x00000b2a                enc28j60clkout
 .text.enc28j60Init
                0x00000b36      0x14a tux/enc28j60.o
                0x00000b36                enc28j60Init
 .text.enc28j60linkup
                0x00000c80        0xe tux/enc28j60.o
                0x00000c80                enc28j60linkup
 .text.enc28j60PacketSend
                0x00000c8e       0x92 tux/enc28j60.o
                0x00000c8e                enc28j60PacketSend
 .text.enc28j60PacketReceive
                0x00000d20      0x106 tux/enc28j60.o
                0x00000d20                enc28j60PacketReceive
 .text.www_client_internal_result_callback
                0x00000e26      0x104 tux/ip_arp_udp_tcp.o
                0x00000e26                www_client_internal_result_callback
 .text.checksum
                0x00000f2a       0xfc tux/ip_arp_udp_tcp.o
                0x00000f2a                checksum
 .text.init_mac
                0x00001026       0x16 tux/ip_arp_udp_tcp.o
                0x00001026                init_mac
 .text.check_ip_message_is_from
                0x0000103c       0x2e tux/ip_arp_udp_tcp.o
                0x0000103c                check_ip_message_is_from
 .text.eth_type_is_arp_and_my_ip
                0x0000106a       0x4c tux/ip_arp_udp_tcp.o
                0x0000106a                eth_type_is_arp_and_my_ip
 .text.eth_type_is_ip_and_my_ip
                0x000010b6       0x54 tux/ip_arp_udp_tcp.o
                0x000010b6                eth_type_is_ip_and_my_ip
 .text.make_eth
                0x0000110a       0x26 tux/ip_arp_udp_tcp.o
                0x0000110a                make_eth
 .text.fill_ip_hdr_checksum
                0x00001130       0x2a tux/ip_arp_udp_tcp.o
                0x00001130                fill_ip_hdr_checksum
 .text.make_ip  0x0000115a       0x32 tux/ip_arp_udp_tcp.o
                0x0000115a                make_ip
 .text.step_seq
                0x0000118c       0x2c tux/ip_arp_udp_tcp.o
                0x0000118c                step_seq
 .text.make_tcphead
                0x000011b8       0x2a tux/ip_arp_udp_tcp.o
                0x000011b8                make_tcphead
 .text.make_arp_answer_from_request
                0x000011e2       0x6e tux/ip_arp_udp_tcp.o
                0x000011e2                make_arp_answer_from_request
 .text.make_echo_reply_from_request
                0x00001250       0x3a tux/ip_arp_udp_tcp.o
                0x00001250                make_echo_reply_from_request
 .text.get_tcp_data_len
                0x0000128a       0x30 tux/ip_arp_udp_tcp.o
                0x0000128a                get_tcp_data_len
 .text.fill_tcp_data_p
                0x000012ba       0x2c tux/ip_arp_udp_tcp.o
                0x000012ba                fill_tcp_data_p
 .text.fill_tcp_data_len
                0x000012e6       0x2c tux/ip_arp_udp_tcp.o
                0x000012e6                fill_tcp_data_len
 .text.fill_tcp_data
                0x00001312       0x16 tux/ip_arp_udp_tcp.o
                0x00001312                fill_tcp_data
 .text.www_client_internal_datafill_callback
                0x00001328      0x18a tux/ip_arp_udp_tcp.o
                0x00001328                www_client_internal_datafill_callback
 .text.make_tcp_ack_from_any
                0x000014b2       0x7a tux/ip_arp_udp_tcp.o
                0x000014b2                make_tcp_ack_from_any
 .text.make_tcp_ack_with_data_noflags
                0x0000152c       0x46 tux/ip_arp_udp_tcp.o
                0x0000152c                make_tcp_ack_with_data_noflags
 .text.init_udp_or_www_server
                0x00001572       0x2a tux/ip_arp_udp_tcp.o
                0x00001572                init_udp_or_www_server
 .text.www_server_port
                0x0000159c        0xa tux/ip_arp_udp_tcp.o
                0x0000159c                www_server_port
 .text.make_tcp_synack_from_syn
                0x000015a6       0x72 tux/ip_arp_udp_tcp.o
                0x000015a6                make_tcp_synack_from_syn
 .text.www_server_reply
                0x00001618       0x30 tux/ip_arp_udp_tcp.o
                0x00001618                www_server_reply
 .text.fill_buf_p
                0x00001648       0x1c tux/ip_arp_udp_tcp.o
                0x00001648                fill_buf_p
 .text.send_udp_prepare
                0x00001664       0xcc tux/ip_arp_udp_tcp.o
                0x00001664                send_udp_prepare
 .text.send_udp_transmit
                0x00001730       0x4a tux/ip_arp_udp_tcp.o
                0x00001730                send_udp_transmit
 .text.client_arp_whohas
                0x0000177a       0xb8 tux/ip_arp_udp_tcp.o
                0x0000177a                client_arp_whohas
 .text.get_mac_with_arp_wait
                0x00001832        0xe tux/ip_arp_udp_tcp.o
                0x00001832                get_mac_with_arp_wait
 .text.get_mac_with_arp
                0x00001840       0x26 tux/ip_arp_udp_tcp.o
                0x00001840                get_mac_with_arp
 .text.tcp_client_syn
                0x00001866      0x124 tux/ip_arp_udp_tcp.o
                0x00001866                tcp_client_syn
 .text.client_tcp_req
                0x0000198a       0x68 tux/ip_arp_udp_tcp.o
                0x0000198a                client_tcp_req
 .text.client_browse_url
                0x000019f2       0x88 tux/ip_arp_udp_tcp.o
                0x000019f2                client_browse_url
 .text.register_ping_rec_callback
                0x00001a7a        0xa tux/ip_arp_udp_tcp.o
                0x00001a7a                register_ping_rec_callback
 .text.packetloop_arp_icmp_tcp
                0x00001a84      0x456 tux/ip_arp_udp_tcp.o
                0x00001a84                packetloop_arp_icmp_tcp
 .text.mk_net_str
                0x00001eda       0x9c tux/websrv_help_functions.o
                0x00001eda                mk_net_str
 .text.__vector_13
                0x00001f76       0xa8 usart/USART.o
                0x00001f76                __vector_13
 .text.avr-libc
                0x0000201e       0x3c c:/program files (x86)/atmel/studio/7.0/toolchain/avr8/avr8-gnu-toolchain/bin/../lib/gcc/avr/4.9.2/../../../../avr/lib/avr5\libc.a(atoi.o)
                0x0000201e                atoi
 .text.avr-libc
                0x0000205a        0x6 c:/program files (x86)/atmel/studio/7.0/toolchain/avr8/avr8-gnu-toolchain/bin/../lib/gcc/avr/4.9.2/../../../../avr/lib/avr5\libc.a(cty_isfalse.o)
                0x0000205a                __ctype_isfalse
                0x0000205e                __ctype_istrue
 .text.avr-libc
                0x00002060       0x10 c:/program files (x86)/atmel/studio/7.0/toolchain/avr8/avr8-gnu-toolchain/bin/../lib/gcc/avr/4.9.2/../../../../avr/lib/avr5\libc.a(isblank.o)
                0x00002060                isblank
 .text.avr-libc
                0x00002070       0x1a c:/program files (x86)/atmel/studio/7.0/toolchain/avr8/avr8-gnu-toolchain/bin/../lib/gcc/avr/4.9.2/../../../../avr/lib/avr5\libc.a(memcmp.o)
                0x00002070                memcmp
 .text.avr-libc
                0x0000208a       0x1c c:/program files (x86)/atmel/studio/7.0/toolchain/avr8/avr8-gnu-toolchain/bin/../lib/gcc/avr/4.9.2/../../../../avr/lib/avr5\libc.a(strncmp.o)
                0x0000208a                strncmp
 .text.avr-libc
                0x000020a6       0x16 c:/program files (x86)/atmel/studio/7.0/toolchain/avr8/avr8-gnu-toolchain/bin/../lib/gcc/avr/4.9.2/../../../../avr/lib/avr5\libc.a(itoa.o)
                0x000020a6                __itoa
                0x000020a6                itoa
 .text.avr-libc
                0x000020bc       0x16 c:/program files (x86)/atmel/studio/7.0/toolchain/avr8/avr8-gnu-toolchain/bin/../lib/gcc/avr/4.9.2/../../../../avr/lib/avr5\libc.a(itoa_ncheck.o)
                0x000020bc                __itoa_ncheck
 .text.avr-libc
                0x000020d2       0x10 c:/program files (x86)/atmel/studio/7.0/toolchain/avr8/avr8-gnu-toolchain/bin/../lib/gcc/avr/4.9.2/../../../../avr/lib/avr5\libc.a(mul10.o)
                0x000020d2                __mulhi_const_10
 .text.avr-libc
                0x000020e2       0x34 c:/program files (x86)/atmel/studio/7.0/toolchain/avr8/avr8-gnu-toolchain/bin/../lib/gcc/avr/4.9.2/../../../../avr/lib/avr5\libc.a(utoa_ncheck.o)
                0x000020e2                __utoa_ncheck
                0x000020e4                __utoa_common
 .text.avr-libc
                0x00002116       0x20 c:/program files (x86)/atmel/studio/7.0/toolchain/avr8/avr8-gnu-toolchain/bin/../lib/gcc/avr/4.9.2/../../../../avr/lib/avr5\libc.a(strrev.o)
                0x00002116                strrev
                0x00002136                . = ALIGN (0x2)
 *(.fini9)
 .fini9         0x00002136        0x0 c:/program files (x86)/atmel/studio/7.0/toolchain/avr8/avr8-gnu-toolchain/bin/../lib/gcc/avr/4.9.2/avr5\libgcc.a(_exit.o)
                0x00002136                _exit
                0x00002136                exit
 *(.fini9)
 *(.fini8)
 *(.fini8)
 *(.fini7)
 *(.fini7)
 *(.fini6)
 *(.fini6)
 *(.fini5)
 *(.fini5)
 *(.fini4)
 *(.fini4)
 *(.fini3)
 *(.fini3)
 *(.fini2)
 *(.fini2)
 *(.fini1)
 *(.fini1)
 *(.fini0)
 .fini0         0x00002136        0x4 c:/program files (x86)/atmel/studio/7.0/toolchain/avr8/avr8-gnu-toolchain/bin/../lib/gcc/avr/4.9.2/avr5\libgcc.a(_exit.o)
 *(.fini0)
                0x0000213a                _etext = .

.data           0x00800060       0x44 load address 0x0000213a
                0x00800060                PROVIDE (__data_start, .)
 *(.data)
 *(.data*)
 .data.gwip     0x00800060        0x4 main.o
 .data.myip     0x00800064        0x4 main.o
 .data.mymac    0x00800068        0x6 main.o
 .data.dnsip    0x0080006e        0x4 tux/dnslkup.o
 .data.ipid     0x00800072        0x1 tux/ip_arp_udp_tcp.o
 .data.wwwport_l
                0x00800073        0x1 tux/ip_arp_udp_tcp.o
 .data.arp_delaycnt
                0x00800074        0x2 tux/ip_arp_udp_tcp.o
 .data.tcpclient_src_port_l
                0x00800076        0x1 tux/ip_arp_udp_tcp.o
 .data.seqnum   0x00800077        0x1 tux/ip_arp_udp_tcp.o
 *(.rodata)
 *(.rodata*)
 .rodata.str1.1
                0x00800078       0x2b main.o
 *(.gnu.linkonce.d*)
                0x008000a4                . = ALIGN (0x2)
 *fill*         0x008000a3        0x1 
                0x008000a4                _edata = .
                0x008000a4                PROVIDE (__data_end, .)

.bss            0x008000a4      0x3b9
                0x008000a4                PROVIDE (__bss_start, .)
 *(.bss)
 *(.bss*)
 .bss.hum       0x008000a4        0x1 main.o
                0x008000a4                hum
 .bss.temp      0x008000a5        0x1 main.o
                0x008000a5                temp
 .bss.address   0x008000a6        0x1 main.o
                0x008000a6                address
 .bss.gw_arp_state
                0x008000a7        0x1 main.o
 .bss.dns_state
                0x008000a8        0x1 main.o
 .bss.cnt2step  0x008000a9        0x1 main.o
 .bss.sec       0x008000aa        0x1 main.o
 .bss.web_client_sendok
                0x008000ab        0x1 main.o
 .bss.web_client_attempts
                0x008000ac        0x1 main.o
 .bss.start_web_client
                0x008000ad        0x1 main.o
 .bss.buf       0x008000ae      0x28b main.o
 .bss.urlvarstr
                0x00800339       0x15 main.o
 .bss.otherside_www_ip
                0x0080034e        0x4 main.o
 .bss.gwmac     0x00800352        0x6 main.o
 .bss.dns_ansError
                0x00800358        0x1 tux/dnslkup.o
 .bss.dns_answerip
                0x00800359        0x4 tux/dnslkup.o
 .bss.haveDNSanswer
                0x0080035d        0x1 tux/dnslkup.o
 .bss.dnstid_l  0x0080035e        0x1 tux/dnslkup.o
 .bss.gNextPacketPtr
                0x0080035f        0x2 tux/enc28j60.o
 .bss.Enc28j60Bank
                0x00800361        0x1 tux/enc28j60.o
 .bss.info_data_len
                0x00800362        0x2 tux/ip_arp_udp_tcp.o
 .bss.wwwport_h
                0x00800364        0x1 tux/ip_arp_udp_tcp.o
 .bss.arp_reference_number
                0x00800365        0x1 tux/ip_arp_udp_tcp.o
 .bss.arpip_state
                0x00800366        0x1 tux/ip_arp_udp_tcp.o
 .bss.arpip     0x00800367        0x4 tux/ip_arp_udp_tcp.o
 .bss.bufptr    0x0080036b        0x2 tux/ip_arp_udp_tcp.o
 .bss.client_hoststr
                0x0080036d        0x2 tux/ip_arp_udp_tcp.o
 .bss.client_urlbuf_var
                0x0080036f        0x2 tux/ip_arp_udp_tcp.o
 .bss.client_urlbuf_p
                0x00800371        0x2 tux/ip_arp_udp_tcp.o
 .bss.client_postval
                0x00800373        0x2 tux/ip_arp_udp_tcp.o
 .bss.client_additionalheaderline_p
                0x00800375        0x2 tux/ip_arp_udp_tcp.o
 .bss.client_browser_callback
                0x00800377        0x2 tux/ip_arp_udp_tcp.o
 .bss.browsertype
                0x00800379        0x1 tux/ip_arp_udp_tcp.o
 .bss.www_fd    0x0080037a        0x1 tux/ip_arp_udp_tcp.o
 .bss.client_tcp_datafill_callback
                0x0080037b        0x2 tux/ip_arp_udp_tcp.o
 .bss.client_tcp_result_callback
                0x0080037d        0x2 tux/ip_arp_udp_tcp.o
 .bss.tcp_client_port
                0x0080037f        0x2 tux/ip_arp_udp_tcp.o
 .bss.tcp_client_state
                0x00800381        0x1 tux/ip_arp_udp_tcp.o
 .bss.tcp_dst_mac
                0x00800382        0x6 tux/ip_arp_udp_tcp.o
 .bss.tcp_otherside_ip
                0x00800388        0x4 tux/ip_arp_udp_tcp.o
 .bss.tcp_fd    0x0080038c        0x1 tux/ip_arp_udp_tcp.o
 .bss.icmp_callback
                0x0080038d        0x2 tux/ip_arp_udp_tcp.o
 .bss.ipaddr    0x0080038f        0x4 tux/ip_arp_udp_tcp.o
 .bss.macaddr   0x00800393        0x6 tux/ip_arp_udp_tcp.o
 *(COMMON)
 COMMON         0x00800399       0xc2 gsm/sim300.o
                0x00800399                UQFront
                0x0080039a                UQEnd
                0x0080039b                URBuff
                0x008003db                sim300_buffer
 COMMON         0x0080045b        0x2 tux/ip_arp_udp_tcp.o
                0x0080045b                client_arp_result_callback
                0x0080045d                PROVIDE (__bss_end, .)
                0x0000213a                __data_load_start = LOADADDR (.data)
                0x0000217e                __data_load_end = (__data_load_start + SIZEOF (.data))

.noinit         0x0080045d        0x0
                0x0080045d                PROVIDE (__noinit_start, .)
 *(.noinit*)
                0x0080045d                PROVIDE (__noinit_end, .)
                0x0080045d                _end = .
                0x0080045d                PROVIDE (__heap_start, .)

.eeprom         0x00810000        0x0
 *(.eeprom*)
                0x00810000                __eeprom_end = .

.fuse
 *(.fuse)
 *(.lfuse)
 *(.hfuse)
 *(.efuse)

.lock
 *(.lock*)

.signature
 *(.signature*)

.user_signatures
 *(.user_signatures*)

.stab
 *(.stab)

.stabstr
 *(.stabstr)

.stab.excl
 *(.stab.excl)

.stab.exclstr
 *(.stab.exclstr)

.stab.index
 *(.stab.index)

.stab.indexstr
 *(.stab.indexstr)

.comment        0x00000000       0x30
 *(.comment)
 .comment       0x00000000       0x30 gsm/sim300.o
                                 0x31 (size before relaxing)
 .comment       0x00000030       0x31 main.o
 .comment       0x00000030       0x31 tux/dnslkup.o
 .comment       0x00000030       0x31 tux/enc28j60.o
 .comment       0x00000030       0x31 tux/ip_arp_udp_tcp.o
 .comment       0x00000030       0x31 tux/websrv_help_functions.o
 .comment       0x00000030       0x31 usart/USART.o

.note.gnu.avr.deviceinfo
                0x00000000       0x3c
 .note.gnu.avr.deviceinfo
                0x00000000       0x3c C:/Program Files (x86)/Atmel/Studio/7.0/Packs/atmel/ATmega_DFP/1.0.90/gcc/dev/atmega32/avr5/crtatmega32.o

.note.gnu.build-id
 *(.note.gnu.build-id)

.debug
 *(.debug)

.line
 *(.line)

.debug_srcinfo
 *(.debug_srcinfo)

.debug_sfnames
 *(.debug_sfnames)

.debug_aranges  0x00000000      0x398
 *(.debug_aranges)
 .debug_aranges
                0x00000000       0x70 gsm/sim300.o
 .debug_aranges
                0x00000070       0x50 main.o
 .debug_aranges
                0x000000c0       0x48 tux/dnslkup.o
 .debug_aranges
                0x00000108       0x98 tux/enc28j60.o
 .debug_aranges
                0x000001a0      0x150 tux/ip_arp_udp_tcp.o
 .debug_aranges
                0x000002f0       0x50 tux/websrv_help_functions.o
 .debug_aranges
                0x00000340       0x58 usart/USART.o

.debug_pubnames
 *(.debug_pubnames)

.debug_info     0x00000000     0x4f52
 *(.debug_info .gnu.linkonce.wi.*)
 .debug_info    0x00000000      0xb90 gsm/sim300.o
 .debug_info    0x00000b90      0xff4 main.o
 .debug_info    0x00001b84      0x332 tux/dnslkup.o
 .debug_info    0x00001eb6      0xc2f tux/enc28j60.o
 .debug_info    0x00002ae5     0x1d96 tux/ip_arp_udp_tcp.o
 .debug_info    0x0000487b      0x47e tux/websrv_help_functions.o
 .debug_info    0x00004cf9      0x259 usart/USART.o

.debug_abbrev   0x00000000     0x102d
 *(.debug_abbrev)
 .debug_abbrev  0x00000000      0x2a6 gsm/sim300.o
 .debug_abbrev  0x000002a6      0x323 main.o
 .debug_abbrev  0x000005c9      0x18c tux/dnslkup.o
 .debug_abbrev  0x00000755      0x203 tux/enc28j60.o
 .debug_abbrev  0x00000958      0x377 tux/ip_arp_udp_tcp.o
 .debug_abbrev  0x00000ccf      0x217 tux/websrv_help_functions.o
 .debug_abbrev  0x00000ee6      0x147 usart/USART.o

.debug_line     0x00000000     0x14db
 *(.debug_line .debug_line.* .debug_line_end)
 .debug_line    0x00000000      0x362 gsm/sim300.o
 .debug_line    0x00000362      0x331 main.o
 .debug_line    0x00000693      0x198 tux/dnslkup.o
 .debug_line    0x0000082b      0x303 tux/enc28j60.o
 .debug_line    0x00000b2e      0x632 tux/ip_arp_udp_tcp.o
 .debug_line    0x00001160      0x205 tux/websrv_help_functions.o
 .debug_line    0x00001365      0x176 usart/USART.o

.debug_frame    0x00000000      0xc24
 *(.debug_frame)
 .debug_frame   0x00000000      0x198 gsm/sim300.o
 .debug_frame   0x00000198       0xc4 main.o
 .debug_frame   0x0000025c       0x94 tux/dnslkup.o
 .debug_frame   0x000002f0      0x1a0 tux/enc28j60.o
 .debug_frame   0x00000490      0x558 tux/ip_arp_udp_tcp.o
 .debug_frame   0x000009e8      0x158 tux/websrv_help_functions.o
 .debug_frame   0x00000b40       0xe4 usart/USART.o

.debug_str      0x00000000      0xdaf
 *(.debug_str)
 .debug_str     0x00000000      0x325 gsm/sim300.o
                                0x376 (size before relaxing)
 .debug_str     0x00000325      0x314 main.o
                                0x4ef (size before relaxing)
 .debug_str     0x00000639       0xbd tux/dnslkup.o
                                0x2b8 (size before relaxing)
 .debug_str     0x000006f6      0x10d tux/enc28j60.o
                                0x2f4 (size before relaxing)
 .debug_str     0x00000803      0x4e0 tux/ip_arp_udp_tcp.o
                                0x86a (size before relaxing)
 .debug_str     0x00000ce3       0xa0 tux/websrv_help_functions.o
                                0x255 (size before relaxing)
 .debug_str     0x00000d83       0x2c usart/USART.o
                                0x219 (size before relaxing)

.debug_loc      0x00000000     0x53fd
 *(.debug_loc)
 .debug_loc     0x00000000      0x9f6 gsm/sim300.o
 .debug_loc     0x000009f6      0x56c main.o
 .debug_loc     0x00000f62      0x556 tux/dnslkup.o
 .debug_loc     0x000014b8      0x75a tux/enc28j60.o
 .debug_loc     0x00001c12     0x2a72 tux/ip_arp_udp_tcp.o
 .debug_loc     0x00004684      0xb68 tux/websrv_help_functions.o
 .debug_loc     0x000051ec      0x211 usart/USART.o

.debug_macinfo
 *(.debug_macinfo)

.debug_weaknames
 *(.debug_weaknames)

.debug_funcnames
 *(.debug_funcnames)

.debug_typenames
 *(.debug_typenames)

.debug_varnames
 *(.debug_varnames)

.debug_pubtypes
 *(.debug_pubtypes)

.debug_ranges   0x00000000      0x378
 *(.debug_ranges)
 .debug_ranges  0x00000000       0x80 gsm/sim300.o
 .debug_ranges  0x00000080       0x40 main.o
 .debug_ranges  0x000000c0       0x38 tux/dnslkup.o
 .debug_ranges  0x000000f8       0xa0 tux/enc28j60.o
 .debug_ranges  0x00000198      0x158 tux/ip_arp_udp_tcp.o
 .debug_ranges  0x000002f0       0x40 tux/websrv_help_functions.o
 .debug_ranges  0x00000330       0x48 usart/USART.o

.debug_macro
 *(.debug_macro)
OUTPUT(SmartHome32.elf elf32-avr)
LOAD linker stubs
